{
    "tailf-ned-cisco-nx:neighbor": [
        {
            "id": "172.16.0.1",
            "inner-remote-as": {
                "remote-as": 34984
            },
            "local-as": 9121,
            "update-source": "port-channel501.3",
            "log-neighbor-changes": [
                null
            ],
            "address-family": [
                {
                    "proto": "ipv4",
                    "type": "unicast",
                    "soft-reconfiguration": {
                        "inbound": [
                            null
                        ],
                        "always": [
                            null
                        ]
                    }
                }
            ]
        }
    ]
}