{
    "tailf-ned-cisco-nx:port-channel": [
        {
            "name": "501.2",
            "description": "tcell-grt:eBGP-Extension-Source-Interface:DCPE-01",
            "vrf": {
                "member": "tcell-grt"
            },
            "ip": {
                "address": {
                    "ipaddr": "172.16.0.2/30"
                }
            },
            "mtu": 9216,
            "encapsulation": {
                "dot1Q": {
                    "vlan-id": 2
                }
            }
        }
    ]
}