{
    "tailf-ned-cisco-nx:neighbor": [
        {
            "id": "2001:db8:cafe:5::1",
            "inner-remote-as": {
                "remote-as": 34984
            },
            "local-as": 9121,
            "update-source": "port-channel502.3",
            "address-family": [
                {
                    "proto": "ipv6",
                    "type": "unicast",
                    "soft-reconfiguration": {
                        "inbound": [
                            null
                        ],
                        "always": [
                            null
                        ]
                    }
                }
            ]
        }
    ]
}