{
    "tailf-ned-cisco-nx:neighbor": [
        {
            "id": "10.0.0.2",
            "inner-remote-as": {
                "remote-as": 65540
            },
            "local-as": 34984,
            "ebgp-multihop": 5,
            "update-source": "loopback100",
            "log-neighbor-changes": [
                null
            ],
            "address-family": [
                {
                    "proto": "ipv4",
                    "type": "unicast",
                    "soft-reconfiguration": {
                        "inbound": [
                            null
                        ],
                        "always": [
                            null
                        ]
                    }
                }
            ]
        }
    ]
}