{
    "tailf-ned-cisco-nx:neighbor": [
        {
            "id": "172.16.0.5",
            "inner-remote-as": {
                "remote-as": 34984
            },
            "local-as": 9121,
            "update-source": "port-channel502.3",
            "bfd": [
                null
            ],
            "address-family": [
                {
                    "proto": "ipv4",
                    "type": "unicast",
                    "allowas-in": {
                        "occurrences": 3
                    },
                    "next-hop-self": [
                        null
                    ],
                    "send-community": {
                        "attr": "both"
                    },
                    "soft-reconfiguration": {
                        "inbound": [
                            null
                        ],
                        "always": [
                            null
                        ]
                    },
                    "disable-peer-as-check": [
                        null
                    ],
                    "as-override": [
                        null
                    ]
                }
            ]
        }
    ]
}