{
    "tailf-ned-cisco-nx:neighbor": [
        {
            "id": "2001:db8:cafe:4::1",
            "inner-remote-as": {
                "remote-as": 34984
            },
            "local-as": 9121,
            "ebgp-multihop": 5,
            "update-source": "port-channel501.3",
            "disable-connected-check": [
                null
            ],
            "timers": {
                "keepalive": 5,
                "holdtime": 15
            },
            "address-family": [
                {
                    "proto": "ipv6",
                    "type": "unicast",
                    "allowas-in": {
                        "occurrences": 3
                    },
                    "next-hop-self": [
                        null
                    ],
                    "send-community": {
                        "attr": "both"
                    },
                    "soft-reconfiguration": {
                        "inbound": [
                            null
                        ],
                        "always": [
                            null
                        ]
                    },
                    "disable-peer-as-check": [
                        null
                    ],
                    "weight": 1000,
                    "as-override": [
                        null
                    ]
                }
            ]
        }
    ]
}