{
    "tailf-ned-cisco-nx:route-map": [
        {
            "name": "RP_0001_TURKCELL_DC_RP_0002_RP_0001",
            "sequence": 10,
            "operation": "permit",
            "match": {
                "ip": {
                    "address": {
                        "prefix-list": [
                            "PS_0001_TURKCELL_PL_0001"
                        ]
                    }
                }
            },
            "set": {
                "community": {
                    "community-number": [
                        "34984:123",
                        "34984:5",
                        "34984:6"
                    ],
                    "additive": [
                        null
                    ]
                }
            }
        },
        {
            "name": "RP_0001_TURKCELL_DC_RP_0002_RP_0001",
            "sequence": 20,
            "operation": "permit",
            "match": {
                "ip": {
                    "address": {
                        "prefix-list": [
                            "PS_0001_TURKCELL_PL_0002"
                        ]
                    }
                }
            },
            "set": {
                "as-path": {
                    "prepend": {
                        "as-list": "34984",
                        "last-as": 5
                    }
                },
                "local-preference": 150
            }
        },
        {
            "name": "RP_0001_TURKCELL_DC_RP_0002_RP_0001",
            "sequence": 1000,
            "operation": "deny"
        },
        {
            "name": "RP_0001_TURKCELL_DC_RP_0002_RP_0003",
            "sequence": 10,
            "operation": "permit",
            "match": {
                "ip": {
                    "address": {
                        "prefix-list": [
                            "PS_0001_TURKCELL_PL_0005"
                        ]
                    }
                }
            },
            "set": {
                "ip": {
                    "next-hop": {
                        "next-hop-addr": [
                            "10.0.0.1"
                        ]
                    }
                }
            }
        },
        {
            "name": "RP_0001_TURKCELL_DC_RP_0002_RP_0003",
            "sequence": 1000,
            "operation": "deny"
        },
        {
            "name": "RP_tcell-grt_DC_RP_0001_RP_0001",
            "sequence": 10,
            "operation": "permit",
            "match": {
                "tag": [
                    12345
                ]
            }
        },
        {
            "name": "RP_tcell-grt_DC_RP_0001_RP_0001",
            "sequence": 1000,
            "operation": "deny"
        }
    ]
}