{
    "tailf-ned-cisco-nx:prefix-list": {
        "prefixes": [
            {
                "name": "PS_0001_TURKCELL_PL_0003",
                "seq": [
                    {
                        "no": 5,
                        "permit": "2001:db8::/48",
                        "eq": 49
                    },
                    {
                        "no": 10,
                        "permit": "2001:db8:1::/48",
                        "ge": 49,
                        "le": 128
                    }
                ]
            },
            {
                "name": "PS_0001_TURKCELL_PL_0004",
                "seq": [
                    {
                        "no": 5,
                        "permit": "2001:db8:2::/48"
                    },
                    {
                        "no": 10,
                        "permit": "2001:db8:3::/48"
                    }
                ]
            },
            {
                "name": "PS_0001_TURKCELL_PL_0006",
                "seq": [
                    {
                        "no": 5,
                        "permit": "::/0",
                        "eq": 128
                    }
                ]
            }
        ]
    }
}