{
    "tailf-ned-cisco-nx:address-family": [
        {
            "proto": "ipv4",
            "type": "unicast",
            "allowas-in": {
                "occurrences": 3
            },
            "route-map": [
                {
                    "direction": "in",
                    "name": "RP_tcell-grt_DC_RP_0001_RP_0002"
                },
                {
                    "direction": "out",
                    "name": "RP_tcell-grt_DC_RP_0001_RP_0004"
                }
            ],
            "next-hop-self": [
                null
            ],
            "send-community": {
                "attr": "both"
            },
            "soft-reconfiguration": {
                "inbound": [
                    null
                ],
                "always": [
                    null
                ]
            },
            "disable-peer-as-check": [
                null
            ],
            "weight": 1000,
            "as-override": [
                null
            ]
        }
    ]
}