{
    "tailf-ned-cisco-nx:Ethernet": [
        {
            "name": "1/2",
            "enable": {
                "switchport": true
            },
            "switchport": {
                "mode": "trunk"
            },
            "description": "ETH100002:trunk:10G",
            "mtu": 9216,
            "spanning-tree": {
                "guard": "root",
                "port": {
                    "type": "edge",
                    "trunk": [
                        null
                    ]
                }
            },
            "storm-control": {
                "broadcast": {
                    "level": "2.0"
                },
                "unicast": {
                    "level": "2.0"
                },
                "multicast": {
                    "level": "2.0"
                },
                "action": {
                    "shutdown": [
                        null
                    ]
                }
            },
            "vpc": {
                "orphan-port": "suspend"
            }
        }
    ]
}