{
    "ietf-restconf:errors": {
        "error": [
            {
                "error-type": "application",
                "error-tag": "invalid-value",
                "error-path": "/cisco-dc:dc-site[fabric='avr-dss1-lbox-yaani-fabric']/port-configs[name='PC_PG_1_TRUNK']/port-config[name='PC100001']",
                "error-message": "/dc-site{avr-dss1-lbox-yaani-fabric}/port-configs{PC_PG_1_TRUNK}/port-config{PC100001}/port-channel/node (value \"nw_lf_cnx9_004.dsslab_site1\"): Node can't be changed ones the port is deployed"
            }
        ]
    }
}