{
    "tailf-ned-cisco-nx:Ethernet": [
        {
            "name": "1/10",
            "enable": {
                "switchport": true
            },
            "channel-group": {
                "id": 1,
                "mode": "active"
            },
            "description": "PC100001:MEMBER",
            "mtu": 9216
        }
    ]
}