{
    "tailf-ned-cisco-nx:member": {
        "vni": [
            {
                "id": 60000,
                "mcast-group": "239.255.0.0",
                "suppress-arp": [
                    null
                ]
            },
            {
                "id": 60002,
                "mcast-group": "239.255.0.0",
                "suppress-arp": [
                    null
                ]
            },
            {
                "id": 60003,
                "mcast-group": "239.255.0.0",
                "suppress-arp": [
                    null
                ]
            },
            {
                "id": 60005,
                "mcast-group": "239.255.0.0",
                "suppress-arp": [
                    null
                ]
            },
            {
                "id": 80000,
                "associate-vrf": [
                    null
                ]
            },
            {
                "id": 80001,
                "associate-vrf": [
                    null
                ]
            }
        ]
    }
}