{
    "tailf-ned-cisco-nx:switchport": {
        "mode": "access",
        "access": {
            "vlan": 4
        }
    }
}