{
    "tailf-ned-cisco-nx:vlan": {
        "vlan-list": [
            {
                "id": 1
            },
            {
                "id": 3,
                "name": "0001_TURKCELL:BD-SERVICE-2:ne...",
                "vn-segment": 60001
            },
            {
                "id": 3101,
                "name": "tcell-grt:vrf-vlan",
                "vn-segment": 80000
            }
        ]
    }
}