{
    "tailf-ned-cisco-nx:switchport": {
        "access": {
            "vlan": 2
        }
    }
}